// Jest Snapshot v1, https://goo.gl/fbAQLP

exports[`Pruebas en <GifExpertApp/> Debe mostrar una lista de categor√≠as 1`] = `
<div>
  <h2>
    GifExpertApp
  </h2>
  <AddCategory
    setCategories={[Function]}
  />
  <hr />
  <ol>
    <GifGrid
      category="One Punch"
      key="One Punch"
    />
    <GifGrid
      category="Dragon Ball"
      key="Dragon Ball"
    />
  </ol>
</div>
`;

exports[`Pruebas en <GifExpertApp/> Debe mostrarse correctamente 1`] = `
<div>
  <h2>
    GifExpertApp
  </h2>
  <AddCategory
    setCategories={[Function]}
  />
  <hr />
  <ol />
</div>
`;
